 lzo2

 Timestamp is 5450fd08 (Wed Oct 29 22:43:20 2014)

 Preferred load address is 0000000180000000

 Start         Length     Name                   Class
 0001:00000000 0001aa50H .text                   CODE
 0001:0001aa50 0000015aH .text$x                 CODE
 0002:00000000 000001d0H .idata$5                DATA
 0002:000001d0 00000008H .CRT$XCA                DATA
 0002:000001d8 00000008H .CRT$XCZ                DATA
 0002:000001e0 00000008H .CRT$XIA                DATA
 0002:000001e8 00000010H .CRT$XIC                DATA
 0002:000001f8 00000008H .CRT$XIZ                DATA
 0002:00000200 00000008H .CRT$XPA                DATA
 0002:00000208 00000008H .CRT$XPZ                DATA
 0002:00000210 00000008H .CRT$XTA                DATA
 0002:00000218 00000008H .CRT$XTZ                DATA
 0002:00000220 000022c6H .rdata                  DATA
 0002:000024e8 00000008H .rtc$IAA                DATA
 0002:000024f0 00000008H .rtc$IZZ                DATA
 0002:000024f8 00000008H .rtc$TAA                DATA
 0002:00002500 00000008H .rtc$TZZ                DATA
 0002:00002508 00000e20H .xdata                  DATA
 0002:00003328 00000014H .idata$2                DATA
 0002:0000333c 00000014H .idata$3                DATA
 0002:00003350 000001d0H .idata$4                DATA
 0002:00003520 00000426H .idata$6                DATA
 0002:00003950 00000ab0H .edata                  DATA
 0003:00000000 00000ec0H .data                   DATA
 0003:00000ec0 00001260H .bss                    DATA
 0004:00000000 00000fe4H .pdata                  DATA

  Address         Publics by Value              Rva+Base               Lib:Object

 0000:00000000       ___safe_se_handler_count   0000000000000000     <absolute>
 0000:00000000       ___safe_se_handler_table   0000000000000000     <absolute>
 0000:00000000       __ImageBase                0000000180000000     <linker-defined>
 0001:00000000       lzo1_decompress            0000000180001000 f   lzo1.obj
 0001:00000580       lzo1_compress              0000000180001580 f   lzo1.obj
 0001:000009e0       lzo1_99_compress           00000001800019e0 f   lzo1_99.obj
 0001:00000a70       lzo1a_info                 0000000180001a70 f   lzo1a.obj
 0001:00000a70       lzo1_info                  0000000180001a70 f   lzo1.obj
 0001:00000a90       lzo1a_decompress           0000000180001a90 f   lzo1a.obj
 0001:00001110       lzo1a_compress             0000000180002110 f   lzo1a.obj
 0001:000015c0       lzo1a_99_compress          00000001800025c0 f   lzo1a_99.obj
 0001:000019f0       lzo1b_1_compress           00000001800029f0 f   lzo1b_1.obj
 0001:00001e40       lzo1b_2_compress           0000000180002e40 f   lzo1b_2.obj
 0001:00002280       lzo1b_3_compress           0000000180003280 f   lzo1b_3.obj
 0001:000026e0       lzo1b_4_compress           00000001800036e0 f   lzo1b_4.obj
 0001:00002b80       lzo1b_5_compress           0000000180003b80 f   lzo1b_5.obj
 0001:00003110       lzo1b_6_compress           0000000180004110 f   lzo1b_6.obj
 0001:000035b0       lzo1b_7_compress           00000001800045b0 f   lzo1b_7.obj
 0001:00003c20       lzo1b_8_compress           0000000180004c20 f   lzo1b_8.obj
 0001:00004100       lzo1b_9_compress           0000000180005100 f   lzo1b_9.obj
 0001:00004610       lzo1b_99_compress          0000000180005610 f   lzo1b_99.obj
 0001:00004fb0       lzo1b_999_compress_callback 0000000180005fb0 f   lzo1b_9x.obj
 0001:00005430       lzo1b_999_compress         0000000180006430 f   lzo1b_9x.obj
 0001:00005460       _lzo1b_do_compress         0000000180006460 f   lzo1b_cc.obj
 0001:00005460       _lzo1c_do_compress         0000000180006460 f   lzo1c_cc.obj
 0001:000054e0       lzo1b_decompress           00000001800064e0 f   lzo1b_d1.obj
 0001:000057b0       lzo1b_decompress_safe      00000001800067b0 f   lzo1b_d2.obj
 0001:00005bf0       _lzo1c_store_run           0000000180006bf0 f   lzo1c_rr.obj
 0001:00005bf0       _lzo1b_store_run           0000000180006bf0 f   lzo1b_rr.obj
 0001:00005d80       lzo1b_compress             0000000180006d80 f   lzo1b_xx.obj
 0001:00006180       lzo1c_1_compress           0000000180007180 f   lzo1c_1.obj
 0001:000065e0       lzo1c_2_compress           00000001800075e0 f   lzo1c_2.obj
 0001:00006a40       lzo1c_3_compress           0000000180007a40 f   lzo1c_3.obj
 0001:00006ef0       lzo1c_4_compress           0000000180007ef0 f   lzo1c_4.obj
 0001:000073d0       lzo1c_5_compress           00000001800083d0 f   lzo1c_5.obj
 0001:00007990       lzo1c_6_compress           0000000180008990 f   lzo1c_6.obj
 0001:00007e70       lzo1c_7_compress           0000000180008e70 f   lzo1c_7.obj
 0001:00008520       lzo1c_8_compress           0000000180009520 f   lzo1c_8.obj
 0001:00008a40       lzo1c_9_compress           0000000180009a40 f   lzo1c_9.obj
 0001:00008f90       lzo1c_99_compress          0000000180009f90 f   lzo1c_99.obj
 0001:00009880       lzo1c_999_compress_callback 000000018000a880 f   lzo1c_9x.obj
 0001:00009d80       lzo1c_999_compress         000000018000ad80 f   lzo1c_9x.obj
 0001:00009db0       lzo1c_decompress           000000018000adb0 f   lzo1c_d1.obj
 0001:0000a0a0       lzo1c_decompress_safe      000000018000b0a0 f   lzo1c_d2.obj
 0001:0000a520       lzo1c_compress             000000018000b520 f   lzo1c_xx.obj
 0001:0000aa00       lzo1f_1_compress           000000018000ba00 f   lzo1f_1.obj
 0001:0000acb0       lzo1f_999_compress_callback 000000018000bcb0 f   lzo1f_9x.obj
 0001:0000b150       lzo1f_999_compress         000000018000c150 f   lzo1f_9x.obj
 0001:0000b180       lzo1f_decompress           000000018000c180 f   lzo1f_d1.obj
 0001:0000b420       lzo1f_decompress_safe      000000018000c420 f   lzo1f_d2.obj
 0001:0000bb70       lzo1x_1_compress           000000018000cb70 f   lzo1x_1.obj
 0001:0000c0c0       lzo1x_1_11_compress        000000018000d0c0 f   lzo1x_1k.obj
 0001:0000c610       lzo1x_1_12_compress        000000018000d610 f   lzo1x_1l.obj
 0001:0000cb60       lzo1x_1_15_compress        000000018000db60 f   lzo1x_1o.obj
 0001:0000d340       lzo1x_999_compress_internal 000000018000e340 f   lzo1x_9x.obj
 0001:0000da70       lzo1x_999_compress_level   000000018000ea70 f   lzo1x_9x.obj
 0001:0000db20       lzo1x_999_compress_dict    000000018000eb20 f   lzo1x_9x.obj
 0001:0000db70       lzo1x_999_compress         000000018000eb70 f   lzo1x_9x.obj
 0001:0000dbd0       lzo1x_decompress           000000018000ebd0 f   lzo1x_d1.obj
 0001:0000dfa0       lzo1x_decompress_safe      000000018000efa0 f   lzo1x_d2.obj
 0001:0000e500       lzo1x_decompress_dict_safe 000000018000f500 f   lzo1x_d3.obj
 0001:0000eb50       lzo1x_optimize             000000018000fb50 f   lzo1x_o.obj
 0001:0000f510       lzo1y_1_compress           0000000180010510 f   lzo1y_1.obj
 0001:0000ff30       lzo1y_999_compress_internal 0000000180010f30 f   lzo1y_9x.obj
 0001:00010660       lzo1y_999_compress_level   0000000180011660 f   lzo1y_9x.obj
 0001:00010710       lzo1y_999_compress_dict    0000000180011710 f   lzo1y_9x.obj
 0001:00010760       lzo1y_999_compress         0000000180011760 f   lzo1y_9x.obj
 0001:000107c0       lzo1y_decompress           00000001800117c0 f   lzo1y_d1.obj
 0001:00010b90       lzo1y_decompress_safe      0000000180011b90 f   lzo1y_d2.obj
 0001:000110f0       lzo1y_decompress_dict_safe 00000001800120f0 f   lzo1y_d3.obj
 0001:00011740       lzo1y_optimize             0000000180012740 f   lzo1y_o.obj
 0001:00012830       lzo1z_999_compress_internal 0000000180013830 f   lzo1z_9x.obj
 0001:00012fe0       lzo1z_999_compress_level   0000000180013fe0 f   lzo1z_9x.obj
 0001:00013090       lzo1z_999_compress_dict    0000000180014090 f   lzo1z_9x.obj
 0001:000130e0       lzo1z_999_compress         00000001800140e0 f   lzo1z_9x.obj
 0001:00013140       lzo1z_decompress           0000000180014140 f   lzo1z_d1.obj
 0001:00013530       lzo1z_decompress_safe      0000000180014530 f   lzo1z_d2.obj
 0001:00013ab0       lzo1z_decompress_dict_safe 0000000180014ab0 f   lzo1z_d3.obj
 0001:000149d0       lzo2a_999_compress_callback 00000001800159d0 f   lzo2a_9x.obj
 0001:00015060       lzo2a_999_compress         0000000180016060 f   lzo2a_9x.obj
 0001:00015090       lzo2a_decompress           0000000180016090 f   lzo2a_d1.obj
 0001:00015230       lzo2a_decompress_safe      0000000180016230 f   lzo2a_d2.obj
 0001:000154e0       lzo_get_crc32_table        00000001800164e0 f   lzo_crc.obj
 0001:000154f0       lzo_crc32                  00000001800164f0 f   lzo_crc.obj
 0001:000156f0       _lzo_config_check          00000001800166f0 f   lzo_init.obj
 0001:00015960       __lzo_init_v2              0000000180016960 f   lzo_init.obj
 0001:000159f0       __lzo_ptr_linear           00000001800169f0 f   lzo_ptr.obj
 0001:00015a00       __lzo_align_gap            0000000180016a00 f   lzo_ptr.obj
 0001:00015a20       lzo_memcmp                 0000000180016a20 f   lzo_str.obj
 0001:00015a30       lzo_memcpy                 0000000180016a30 f   lzo_str.obj
 0001:00015a50       lzo_memmove                0000000180016a50 f   lzo_str.obj
 0001:00015a60       lzo_memset                 0000000180016a60 f   lzo_str.obj
 0001:00015a80       lzo_copyright              0000000180016a80 f   lzo_util.obj
 0001:00015a90       lzo_version                0000000180016a90 f   lzo_util.obj
 0001:00015aa0       lzo_version_string         0000000180016aa0 f   lzo_util.obj
 0001:00015aa0       _lzo_version_string        0000000180016aa0 f   lzo_util.obj
 0001:00015ab0       _lzo_version_date          0000000180016ab0 f   lzo_util.obj
 0001:00015ab0       lzo_version_date           0000000180016ab0 f   lzo_util.obj
 0001:00015ac0       lzo_adler32                0000000180016ac0 f   lzo_util.obj
 0001:00015c30       memmove                    0000000180016c30     LIBCMT:memcpy.obj
 0001:00015c30       memcpy                     0000000180016c30 f   LIBCMT:memcpy.obj
 0001:00015f80       memset                     0000000180016f80 f   LIBCMT:memset.obj
 0001:0001606c       __GSHandlerCheckCommon     000000018001706c f   LIBCMT:gshandler.obj
 0001:000160d0       __GSHandlerCheck           00000001800170d0 f   LIBCMT:gshandler.obj
 0001:00016100       __security_check_cookie    0000000180017100 f   LIBCMT:amdsecgs.obj
 0001:00016130       memcmp                     0000000180017130 f   LIBCMT:memcmp.obj
 0001:000161f8       _CRT_INIT                  00000001800171f8 f   LIBCMT:dllcrt0.obj
 0001:00016468       _DllMainCRTStartup         0000000180017468 f   LIBCMT:dllcrt0.obj
 0001:000164a8       __report_gsfailure         00000001800174a8 f   LIBCMT:gs_report.obj
 0001:000165f4       __C_specific_handler       00000001800175f4 f   LIBCMT:chandler.obj
 0001:000167f4       _encoded_null              00000001800177f4 f   LIBCMT:tidtable.obj
 0001:00016800       __set_flsgetvalue          0000000180017800 f   LIBCMT:tidtable.obj
 0001:00016804       _mtterm                    0000000180017804 f   LIBCMT:tidtable.obj
 0001:0001682c       _initptd                   000000018001782c f   LIBCMT:tidtable.obj
 0001:000168e4       _getptd_noexit             00000001800178e4 f   LIBCMT:tidtable.obj
 0001:00016968       _getptd                    0000000180017968 f   LIBCMT:tidtable.obj
 0001:0001698c       _freefls                   000000018001798c f   LIBCMT:tidtable.obj
 0001:00016ac0       _freeptd                   0000000180017ac0 f   LIBCMT:tidtable.obj
 0001:00016b00       _mtinit                    0000000180017b00 f   LIBCMT:tidtable.obj
 0001:00016b84       free                       0000000180017b84 f   LIBCMT:free.obj
 0001:00016bc4       _malloc_crt                0000000180017bc4 f   LIBCMT:crtheap.obj
 0001:00016c44       _calloc_crt                0000000180017c44 f   LIBCMT:crtheap.obj
 0001:00016cc8       _realloc_crt               0000000180017cc8 f   LIBCMT:crtheap.obj
 0001:00016d50       __crtCorExitProcess        0000000180017d50 f   LIBCMT:crt0dat.obj
 0001:00016d8c       __crtExitProcess           0000000180017d8c f   LIBCMT:crt0dat.obj
 0001:00016da4       _lockexit                  0000000180017da4 f   LIBCMT:crt0dat.obj
 0001:00016db0       _unlockexit                0000000180017db0 f   LIBCMT:crt0dat.obj
 0001:00016dbc       _init_pointers             0000000180017dbc f   LIBCMT:crt0dat.obj
 0001:00016e34       _initterm_e                0000000180017e34 f   LIBCMT:crt0dat.obj
 0001:00016e70       _cinit                     0000000180017e70 f   LIBCMT:crt0dat.obj
 0001:000170b0       _exit                      00000001800180b0 f   LIBCMT:crt0dat.obj
 0001:000170bc       _cexit                     00000001800180bc f   LIBCMT:crt0dat.obj
 0001:000170cc       _amsg_exit                 00000001800180cc f   LIBCMT:crt0dat.obj
 0001:000170f4       _ioinit                    00000001800180f4 f   LIBCMT:ioinit.obj
 0001:000173c8       _ioterm                    00000001800183c8 f   LIBCMT:ioinit.obj
 0001:0001743c       _setenvp                   000000018001843c f   LIBCMT:stdenvp.obj
 0001:0001773c       _setargv                   000000018001873c f   LIBCMT:stdargv.obj
 0001:00017834       __crtGetEnvironmentStringsA 0000000180018834 f   LIBCMT:a_env.obj
 0001:00017928       _RTC_Initialize            0000000180018928 f   LIBCMT:_initsect_.obj
 0001:00017960       _RTC_Terminate             0000000180018960 f   LIBCMT:_initsect_.obj
 0001:00017998       _heap_init                 0000000180018998 f   LIBCMT:heapinit.obj
 0001:000179f0       _heap_term                 00000001800189f0 f   LIBCMT:heapinit.obj
 0001:00017a10       _XcptFilter                0000000180018a10 f   LIBCMT:winxfltr.obj
 0001:00017be0       __CppXcptFilter            0000000180018be0 f   LIBCMT:winxfltr.obj
 0001:00017bf4       DllMain                    0000000180018bf4 f   LIBCMT:dllmain.obj
 0001:00017bfc       __security_init_cookie     0000000180018bfc f   LIBCMT:gs_support.obj
 0001:00017cb0       __crt_debugger_hook        0000000180018cb0 f   LIBCMT:dbghook.obj
 0001:00017cd0       _local_unwind              0000000180018cd0 f   LIBCMT:jmpuwind.obj
 0001:00017d00       _NLG_Notify                0000000180018d00 f   LIBCMT:jmpuwind.obj
 0001:00017d20       __NLG_Dispatch2            0000000180018d20 f   LIBCMT:jmpuwind.obj
 0001:00017d30       __NLG_Return2              0000000180018d30 f   LIBCMT:jmpuwind.obj
 0001:00017d40       _ValidateImageBase         0000000180018d40 f   LIBCMT:pesect.obj
 0001:00017d70       _FindPESection             0000000180018d70 f   LIBCMT:pesect.obj
 0001:00017dc0       _IsNonwritableInCurrentImage 0000000180018dc0 f   LIBCMT:pesect.obj
 0001:00017e04       _mtinitlocks               0000000180018e04 f   LIBCMT:mlock.obj
 0001:00017e88       _mtdeletelocks             0000000180018e88 f   LIBCMT:mlock.obj
 0001:00017f10       _unlock                    0000000180018f10 f   LIBCMT:mlock.obj
 0001:00017f28       _mtinitlocknum             0000000180018f28 f   LIBCMT:mlock.obj
 0001:00018010       _lock                      0000000180019010 f   LIBCMT:mlock.obj
 0001:00018054       __addlocaleref             0000000180019054 f   LIBCMT:localref.obj
 0001:000180e0       __removelocaleref          00000001800190e0 f   LIBCMT:localref.obj
 0001:00018184       __freetlocinfo             0000000180019184 f   LIBCMT:localref.obj
 0001:00018300       _updatetlocinfoEx_nolock   0000000180019300 f   LIBCMT:localref.obj
 0001:00018358       __updatetlocinfo           0000000180019358 f   LIBCMT:localref.obj
 0001:0001864c       __updatetmbcinfo           000000018001964c f   LIBCMT:mbctype.obj
 0001:00018708       ??0_LocaleUpdate@@QEAA@PEAUlocaleinfo_struct@@@Z 0000000180019708 f i LIBCMT:mbctype.obj
 0001:0001883c       _setmbcp_nolock            000000018001983c f   LIBCMT:mbctype.obj
 0001:00018ab4       _setmbcp                   0000000180019ab4 f   LIBCMT:mbctype.obj
 0001:00018c94       __initmbctable             0000000180019c94 f   LIBCMT:mbctype.obj
 0001:00018cbc       _get_errno_from_oserr      0000000180019cbc f   LIBCMT:dosmap.obj
 0001:00018d04       _errno                     0000000180019d04 f   LIBCMT:dosmap.obj
 0001:00018d24       malloc                     0000000180019d24 f   LIBCMT:malloc.obj
 0001:00018ddc       _calloc_impl               0000000180019ddc f   LIBCMT:calloc_impl.obj
 0001:00018e78       realloc                    0000000180019e78 f   LIBCMT:realloc.obj
 0001:00018f4c       ?terminate@@YAXXZ          0000000180019f4c f   LIBCMT:hooks.obj
 0001:00018f70       _initp_eh_hooks            0000000180019f70 f   LIBCMT:hooks.obj
 0001:00018f90       _initp_misc_winsig         0000000180019f90 f   LIBCMT:winsig.obj
 0001:00018fb0       __get_sigabrt              0000000180019fb0 f   LIBCMT:winsig.obj
 0001:00018fc0       raise                      0000000180019fc0 f   LIBCMT:winsig.obj
 0001:000191f4       _initp_misc_rand_s         000000018001a1f4 f   LIBCMT:rand_s.obj
 0001:000191fc       _initp_misc_purevirt       000000018001a1fc f   LIBCMT:inithelp.obj
 0001:00019204       _initp_misc_invarg         000000018001a204 f   LIBCMT:invarg.obj
 0001:0001920c       _call_reportfault          000000018001a20c f   LIBCMT:invarg.obj
 0001:00019358       _invoke_watson             000000018001a358 f   LIBCMT:invarg.obj
 0001:0001938c       _invalid_parameter         000000018001a38c f   LIBCMT:invarg.obj
 0001:000193fc       _invalid_parameter_noinfo  000000018001a3fc f   LIBCMT:invarg.obj
 0001:0001941c       _initp_heap_handler        000000018001a41c f   LIBCMT:handler.obj
 0001:00019424       _callnewh                  000000018001a424 f   LIBCMT:handler.obj
 0001:00019458       __onexitinit               000000018001a458 f   LIBCMT:onexit.obj
 0001:0001949c       _onexit                    000000018001a49c f   LIBCMT:onexit.obj
 0001:000195a8       atexit                     000000018001a5a8 f   LIBCMT:onexit.obj
 0001:000195c0       _initp_misc_cfltcvt_tab    000000018001a5c0 f   LIBCMT:cmiscdat.obj
 0001:000195f8       _GET_RTERRMSG              000000018001a5f8 f   LIBCMT:crt0msg.obj
 0001:00019624       _NMSG_WRITE                000000018001a624 f   LIBCMT:crt0msg.obj
 0001:00019884       _FF_MSGBANNER              000000018001a884 f   LIBCMT:crt0msg.obj
 0001:000198c8       strcpy_s                   000000018001a8c8 f   LIBCMT:strcpy_s.obj
 0001:00019940       strlen                     000000018001a940 f   LIBCMT:strlen.obj
 0001:00019a64       _ismbblead                 000000018001aa64 f   LIBCMT:ismbbyte.obj
 0001:00019a78       __free_lc_time             000000018001aa78 f   LIBCMT:inittime.obj
 0001:00019e68       __free_lconv_num           000000018001ae68 f   LIBCMT:initnum.obj
 0001:00019ed4       __free_lconv_mon           000000018001aed4 f   LIBCMT:initmon.obj
 0001:0001a2ac       __crtLCMapStringA          000000018001b2ac f   LIBCMT:a_map.obj
 0001:0001a4a4       __crtGetStringTypeA        000000018001b4a4 f   LIBCMT:a_str.obj
 0001:0001a524       _msize                     000000018001b524 f   LIBCMT:msize.obj
 0001:0001a560       abort                      000000018001b560 f   LIBCMT:abort.obj
 0001:0001a5a0       _fptrap                    000000018001b5a0 f   LIBCMT:crt0fp.obj
 0001:0001a5ac       __crtMessageBoxW           000000018001b5ac f   LIBCMT:crtmboxw.obj
 0001:0001a7b4       wcscat_s                   000000018001b7b4 f   LIBCMT:wcscat_s.obj
 0001:0001a83c       wcsncpy_s                  000000018001b83c f   LIBCMT:wcsncpy_s.obj
 0001:0001a90c       wcslen                     000000018001b90c f   LIBCMT:wcslen.obj
 0001:0001a928       wcscpy_s                   000000018001b928 f   LIBCMT:wcscpy_s.obj
 0001:0001a994       _set_error_mode            000000018001b994 f   LIBCMT:errmode.obj
 0001:0001a9f0       __chkstk                   000000018001b9f0 f   LIBCMT:chkstk.obj
 0001:0001a9f0       _alloca_probe              000000018001b9f0     LIBCMT:chkstk.obj
 0001:0001aa3e       RtlVirtualUnwind           000000018001ba3e f   kernel32:KERNEL32.dll
 0001:0001aa44       RtlLookupFunctionEntry     000000018001ba44 f   kernel32:KERNEL32.dll
 0001:0001aa4a       RtlUnwindEx                000000018001ba4a f   kernel32:KERNEL32.dll
 0002:00000000       __imp_GetCurrentThreadId   000000018001c000     kernel32:KERNEL32.dll
 0002:00000008       __imp_FlsSetValue          000000018001c008     kernel32:KERNEL32.dll
 0002:00000010       __imp_GetCommandLineA      000000018001c010     kernel32:KERNEL32.dll
 0002:00000018       __imp_TerminateProcess     000000018001c018     kernel32:KERNEL32.dll
 0002:00000020       __imp_GetCurrentProcess    000000018001c020     kernel32:KERNEL32.dll
 0002:00000028       __imp_UnhandledExceptionFilter 000000018001c028     kernel32:KERNEL32.dll
 0002:00000030       __imp_SetUnhandledExceptionFilter 000000018001c030     kernel32:KERNEL32.dll
 0002:00000038       __imp_IsDebuggerPresent    000000018001c038     kernel32:KERNEL32.dll
 0002:00000040       __imp_RtlVirtualUnwind     000000018001c040     kernel32:KERNEL32.dll
 0002:00000048       __imp_RtlLookupFunctionEntry 000000018001c048     kernel32:KERNEL32.dll
 0002:00000050       __imp_RtlCaptureContext    000000018001c050     kernel32:KERNEL32.dll
 0002:00000058       __imp_RtlUnwindEx          000000018001c058     kernel32:KERNEL32.dll
 0002:00000060       __imp_EncodePointer        000000018001c060     kernel32:KERNEL32.dll
 0002:00000068       __imp_FlsGetValue          000000018001c068     kernel32:KERNEL32.dll
 0002:00000070       __imp_FlsFree              000000018001c070     kernel32:KERNEL32.dll
 0002:00000078       __imp_SetLastError         000000018001c078     kernel32:KERNEL32.dll
 0002:00000080       __imp_GetLastError         000000018001c080     kernel32:KERNEL32.dll
 0002:00000088       __imp_FlsAlloc             000000018001c088     kernel32:KERNEL32.dll
 0002:00000090       __imp_HeapFree             000000018001c090     kernel32:KERNEL32.dll
 0002:00000098       __imp_Sleep                000000018001c098     kernel32:KERNEL32.dll
 0002:000000a0       __imp_GetProcAddress       000000018001c0a0     kernel32:KERNEL32.dll
 0002:000000a8       __imp_GetModuleHandleW     000000018001c0a8     kernel32:KERNEL32.dll
 0002:000000b0       __imp_ExitProcess          000000018001c0b0     kernel32:KERNEL32.dll
 0002:000000b8       __imp_DecodePointer        000000018001c0b8     kernel32:KERNEL32.dll
 0002:000000c0       __imp_SetHandleCount       000000018001c0c0     kernel32:KERNEL32.dll
 0002:000000c8       __imp_GetStdHandle         000000018001c0c8     kernel32:KERNEL32.dll
 0002:000000d0       __imp_InitializeCriticalSectionAndSpinCount 000000018001c0d0     kernel32:KERNEL32.dll
 0002:000000d8       __imp_GetFileType          000000018001c0d8     kernel32:KERNEL32.dll
 0002:000000e0       __imp_GetStartupInfoW      000000018001c0e0     kernel32:KERNEL32.dll
 0002:000000e8       __imp_DeleteCriticalSection 000000018001c0e8     kernel32:KERNEL32.dll
 0002:000000f0       __imp_GetModuleFileNameA   000000018001c0f0     kernel32:KERNEL32.dll
 0002:000000f8       __imp_FreeEnvironmentStringsW 000000018001c0f8     kernel32:KERNEL32.dll
 0002:00000100       __imp_WideCharToMultiByte  000000018001c100     kernel32:KERNEL32.dll
 0002:00000108       __imp_GetEnvironmentStringsW 000000018001c108     kernel32:KERNEL32.dll
 0002:00000110       __imp_HeapSetInformation   000000018001c110     kernel32:KERNEL32.dll
 0002:00000118       __imp_GetVersion           000000018001c118     kernel32:KERNEL32.dll
 0002:00000120       __imp_HeapCreate           000000018001c120     kernel32:KERNEL32.dll
 0002:00000128       __imp_HeapDestroy          000000018001c128     kernel32:KERNEL32.dll
 0002:00000130       __imp_QueryPerformanceCounter 000000018001c130     kernel32:KERNEL32.dll
 0002:00000138       __imp_GetTickCount         000000018001c138     kernel32:KERNEL32.dll
 0002:00000140       __imp_GetCurrentProcessId  000000018001c140     kernel32:KERNEL32.dll
 0002:00000148       __imp_GetSystemTimeAsFileTime 000000018001c148     kernel32:KERNEL32.dll
 0002:00000150       __imp_LeaveCriticalSection 000000018001c150     kernel32:KERNEL32.dll
 0002:00000158       __imp_EnterCriticalSection 000000018001c158     kernel32:KERNEL32.dll
 0002:00000160       __imp_GetCPInfo            000000018001c160     kernel32:KERNEL32.dll
 0002:00000168       __imp_GetACP               000000018001c168     kernel32:KERNEL32.dll
 0002:00000170       __imp_GetOEMCP             000000018001c170     kernel32:KERNEL32.dll
 0002:00000178       __imp_IsValidCodePage      000000018001c178     kernel32:KERNEL32.dll
 0002:00000180       __imp_HeapAlloc            000000018001c180     kernel32:KERNEL32.dll
 0002:00000188       __imp_HeapReAlloc          000000018001c188     kernel32:KERNEL32.dll
 0002:00000190       __imp_LoadLibraryW         000000018001c190     kernel32:KERNEL32.dll
 0002:00000198       __imp_WriteFile            000000018001c198     kernel32:KERNEL32.dll
 0002:000001a0       __imp_GetModuleFileNameW   000000018001c1a0     kernel32:KERNEL32.dll
 0002:000001a8       __imp_LCMapStringW         000000018001c1a8     kernel32:KERNEL32.dll
 0002:000001b0       __imp_MultiByteToWideChar  000000018001c1b0     kernel32:KERNEL32.dll
 0002:000001b8       __imp_GetStringTypeW       000000018001c1b8     kernel32:KERNEL32.dll
 0002:000001c0       __imp_HeapSize             000000018001c1c0     kernel32:KERNEL32.dll
 0002:000001c8       \177KERNEL32_NULL_THUNK_DATA 000000018001c1c8     kernel32:KERNEL32.dll
 0002:000001d0       __xc_a                     000000018001c1d0     LIBCMT:crt0init.obj
 0002:000001d8       __xc_z                     000000018001c1d8     LIBCMT:crt0init.obj
 0002:000001e0       __xi_a                     000000018001c1e0     LIBCMT:crt0init.obj
 0002:000001f8       __xi_z                     000000018001c1f8     LIBCMT:crt0init.obj
 0002:00000200       __xp_a                     000000018001c200     LIBCMT:crt0init.obj
 0002:00000208       __xp_z                     000000018001c208     LIBCMT:crt0init.obj
 0002:00000210       __xt_a                     000000018001c210     LIBCMT:crt0init.obj
 0002:00000218       __xt_z                     000000018001c218     LIBCMT:crt0init.obj
 0002:00000220       _lzo1b_1_compress_func     000000018001c220     lzo1b_1.obj
 0002:00000228       _lzo1b_2_compress_func     000000018001c228     lzo1b_2.obj
 0002:00000230       _lzo1b_3_compress_func     000000018001c230     lzo1b_3.obj
 0002:00000238       _lzo1b_4_compress_func     000000018001c238     lzo1b_4.obj
 0002:00000240       _lzo1b_5_compress_func     000000018001c240     lzo1b_5.obj
 0002:00000248       _lzo1b_6_compress_func     000000018001c248     lzo1b_6.obj
 0002:00000250       _lzo1b_7_compress_func     000000018001c250     lzo1b_7.obj
 0002:00000258       _lzo1b_8_compress_func     000000018001c258     lzo1b_8.obj
 0002:00000260       _lzo1b_9_compress_func     000000018001c260     lzo1b_9.obj
 0002:00000268       _lzo1b_99_compress_func    000000018001c268     lzo1b_99.obj
 0002:000002b8       _lzo1c_1_compress_func     000000018001c2b8     lzo1c_1.obj
 0002:000002c0       _lzo1c_2_compress_func     000000018001c2c0     lzo1c_2.obj
 0002:000002c8       _lzo1c_3_compress_func     000000018001c2c8     lzo1c_3.obj
 0002:000002d0       _lzo1c_4_compress_func     000000018001c2d0     lzo1c_4.obj
 0002:000002d8       _lzo1c_5_compress_func     000000018001c2d8     lzo1c_5.obj
 0002:000002e0       _lzo1c_6_compress_func     000000018001c2e0     lzo1c_6.obj
 0002:000002e8       _lzo1c_7_compress_func     000000018001c2e8     lzo1c_7.obj
 0002:000002f0       _lzo1c_8_compress_func     000000018001c2f0     lzo1c_8.obj
 0002:000002f8       _lzo1c_9_compress_func     000000018001c2f8     lzo1c_9.obj
 0002:00000300       _lzo1c_99_compress_func    000000018001c300     lzo1c_99.obj
 0002:00000c78       ??_C@_04JBCFGCGC@2?408?$AA@ 000000018001cc78     lzo_util.obj
 0002:00000c80       ??_C@_0M@NECCPAHA@Jun?529?52014?$AA@ 000000018001cc80     lzo_util.obj
 0002:00000c90       _pRawDllMain               000000018001cc90     LIBCMT:dllcrt0.obj
 0002:00000c90       _pDefaultRawDllMain        000000018001cc90     LIBCMT:dllcrt0.obj
 0002:00000ca8       ??_C@_0P@MIGLKIOC@CorExitProcess?$AA@ 000000018001cca8     LIBCMT:crt0dat.obj
 0002:00000cb8       ??_C@_1BI@BGOHAHKC@?$AAm?$AAs?$AAc?$AAo?$AAr?$AAe?$AAe?$AA?4?$AAd?$AAl?$AAl?$AA?$AA@ 000000018001ccb8     LIBCMT:crt0dat.obj
 0002:00000cd0       _XcptActTab                000000018001ccd0     LIBCMT:winxfltr.obj
 0002:00000d90       _First_FPE_Indx            000000018001cd90     LIBCMT:winxfltr.obj
 0002:00000d94       _Num_FPE                   000000018001cd94     LIBCMT:winxfltr.obj
 0002:00000d98       _XcptActTabSize            000000018001cd98     LIBCMT:winxfltr.obj
 0002:00000d9c       _XcptActTabCount           000000018001cd9c     LIBCMT:winxfltr.obj
 0002:00000da0       ??_C@_1BC@GDGBMEMK@?$AAH?$AAH?$AA?3?$AAm?$AAm?$AA?3?$AAs?$AAs?$AA?$AA@ 000000018001cda0     LIBCMT:nlsdata2.obj
 0002:00000db8       ??_C@_1CI@KNAKOEBC@?$AAd?$AAd?$AAd?$AAd?$AA?0?$AA?5?$AAM?$AAM?$AAM?$AAM?$AA?5?$AAd?$AAd?$AA?0?$AA?5?$AAy?$AAy?$AAy?$AAy?$AA?$AA@ 000000018001cdb8     LIBCMT:nlsdata2.obj
 0002:00000de0       ??_C@_1BC@IEBCMHCM@?$AAM?$AAM?$AA?1?$AAd?$AAd?$AA?1?$AAy?$AAy?$AA?$AA@ 000000018001cde0     LIBCMT:nlsdata2.obj
 0002:00000df4       ??_C@_15CLMNNGEL@?$AAP?$AAM?$AA?$AA@ 000000018001cdf4     LIBCMT:nlsdata2.obj
 0002:00000dfc       ??_C@_15ODEHAHHF@?$AAA?$AAM?$AA?$AA@ 000000018001cdfc     LIBCMT:nlsdata2.obj
 0002:00000e08       ??_C@_1BC@FEMKIFH@?$AAD?$AAe?$AAc?$AAe?$AAm?$AAb?$AAe?$AAr?$AA?$AA@ 000000018001ce08     LIBCMT:nlsdata2.obj
 0002:00000e20       ??_C@_1BC@BGLIFPF@?$AAN?$AAo?$AAv?$AAe?$AAm?$AAb?$AAe?$AAr?$AA?$AA@ 000000018001ce20     LIBCMT:nlsdata2.obj
 0002:00000e38       ??_C@_1BA@EPANDLNG@?$AAO?$AAc?$AAt?$AAo?$AAb?$AAe?$AAr?$AA?$AA@ 000000018001ce38     LIBCMT:nlsdata2.obj
 0002:00000e48       ??_C@_1BE@DKAAMBJL@?$AAS?$AAe?$AAp?$AAt?$AAe?$AAm?$AAb?$AAe?$AAr?$AA?$AA@ 000000018001ce48     LIBCMT:nlsdata2.obj
 0002:00000e60       ??_C@_1O@PAHLKOAC@?$AAA?$AAu?$AAg?$AAu?$AAs?$AAt?$AA?$AA@ 000000018001ce60     LIBCMT:nlsdata2.obj
 0002:00000e70       ??_C@_19BIFMLPCD@?$AAJ?$AAu?$AAl?$AAy?$AA?$AA@ 000000018001ce70     LIBCMT:nlsdata2.obj
 0002:00000e80       ??_C@_19EPFLPGAP@?$AAJ?$AAu?$AAn?$AAe?$AA?$AA@ 000000018001ce80     LIBCMT:nlsdata2.obj
 0002:00000e90       ??_C@_1M@GJNLMHFD@?$AAA?$AAp?$AAr?$AAi?$AAl?$AA?$AA@ 000000018001ce90     LIBCMT:nlsdata2.obj
 0002:00000ea0       ??_C@_1M@IKEENEDF@?$AAM?$AAa?$AAr?$AAc?$AAh?$AA?$AA@ 000000018001cea0     LIBCMT:nlsdata2.obj
 0002:00000eb0       ??_C@_1BC@JGDDFFAM@?$AAF?$AAe?$AAb?$AAr?$AAu?$AAa?$AAr?$AAy?$AA?$AA@ 000000018001ceb0     LIBCMT:nlsdata2.obj
 0002:00000ec8       ??_C@_1BA@EFMEIEBA@?$AAJ?$AAa?$AAn?$AAu?$AAa?$AAr?$AAy?$AA?$AA@ 000000018001cec8     LIBCMT:nlsdata2.obj
 0002:00000ed8       ??_C@_17EGKACKIF@?$AAD?$AAe?$AAc?$AA?$AA@ 000000018001ced8     LIBCMT:nlsdata2.obj
 0002:00000ee0       ??_C@_17BBDMLCIG@?$AAN?$AAo?$AAv?$AA?$AA@ 000000018001cee0     LIBCMT:nlsdata2.obj
 0002:00000ee8       ??_C@_17FNLKOI@?$AAO?$AAc?$AAt?$AA?$AA@ 000000018001cee8     LIBCMT:nlsdata2.obj
 0002:00000ef0       ??_C@_17HCHCOKMG@?$AAS?$AAe?$AAp?$AA?$AA@ 000000018001cef0     LIBCMT:nlsdata2.obj
 0002:00000ef8       ??_C@_17ICPELBCN@?$AAA?$AAu?$AAg?$AA?$AA@ 000000018001cef8     LIBCMT:nlsdata2.obj
 0002:00000f00       ??_C@_17IJPCKHK@?$AAJ?$AAu?$AAl?$AA?$AA@ 000000018001cf00     LIBCMT:nlsdata2.obj
 0002:00000f08       ??_C@_17KCJGOCPB@?$AAJ?$AAu?$AAn?$AA?$AA@ 000000018001cf08     LIBCMT:nlsdata2.obj
 0002:00000f10       ??_C@_17PNNKMEED@?$AAM?$AAa?$AAy?$AA?$AA@ 000000018001cf10     LIBCMT:nlsdata2.obj
 0002:00000f18       ??_C@_17LFPOIHDD@?$AAA?$AAp?$AAr?$AA?$AA@ 000000018001cf18     LIBCMT:nlsdata2.obj
 0002:00000f20       ??_C@_17CKNLEDEC@?$AAM?$AAa?$AAr?$AA?$AA@ 000000018001cf20     LIBCMT:nlsdata2.obj
 0002:00000f28       ??_C@_17LMDJEKJN@?$AAF?$AAe?$AAb?$AA?$AA@ 000000018001cf28     LIBCMT:nlsdata2.obj
 0002:00000f30       ??_C@_17DKNBKCHM@?$AAJ?$AAa?$AAn?$AA?$AA@ 000000018001cf30     LIBCMT:nlsdata2.obj
 0002:00000f38       ??_C@_1BC@ENMNNPAJ@?$AAS?$AAa?$AAt?$AAu?$AAr?$AAd?$AAa?$AAy?$AA?$AA@ 000000018001cf38     LIBCMT:nlsdata2.obj
 0002:00000f50       ??_C@_1O@PDICJHAG@?$AAF?$AAr?$AAi?$AAd?$AAa?$AAy?$AA?$AA@ 000000018001cf50     LIBCMT:nlsdata2.obj
 0002:00000f60       ??_C@_1BC@HHMNLIHE@?$AAT?$AAh?$AAu?$AAr?$AAs?$AAd?$AAa?$AAy?$AA?$AA@ 000000018001cf60     LIBCMT:nlsdata2.obj
 0002:00000f78       ??_C@_1BE@EBOGMDOH@?$AAW?$AAe?$AAd?$AAn?$AAe?$AAs?$AAd?$AAa?$AAy?$AA?$AA@ 000000018001cf78     LIBCMT:nlsdata2.obj
 0002:00000f90       ??_C@_1BA@ENFBFFEK@?$AAT?$AAu?$AAe?$AAs?$AAd?$AAa?$AAy?$AA?$AA@ 000000018001cf90     LIBCMT:nlsdata2.obj
 0002:00000fa0       ??_C@_1O@MMNBFLIA@?$AAM?$AAo?$AAn?$AAd?$AAa?$AAy?$AA?$AA@ 000000018001cfa0     LIBCMT:nlsdata2.obj
 0002:00000fb0       ??_C@_1O@IHNHDHPB@?$AAS?$AAu?$AAn?$AAd?$AAa?$AAy?$AA?$AA@ 000000018001cfb0     LIBCMT:nlsdata2.obj
 0002:00000fc0       ??_C@_17GGIBDPIH@?$AAS?$AAa?$AAt?$AA?$AA@ 000000018001cfc0     LIBCMT:nlsdata2.obj
 0002:00000fc8       ??_C@_17HFOLPPLP@?$AAF?$AAr?$AAi?$AA?$AA@ 000000018001cfc8     LIBCMT:nlsdata2.obj
 0002:00000fd0       ??_C@_17PDPHAADD@?$AAT?$AAh?$AAu?$AA?$AA@ 000000018001cfd0     LIBCMT:nlsdata2.obj
 0002:00000fd8       ??_C@_17CJEDCEPE@?$AAW?$AAe?$AAd?$AA?$AA@ 000000018001cfd8     LIBCMT:nlsdata2.obj
 0002:00000fe0       ??_C@_17BMKGEGOJ@?$AAT?$AAu?$AAe?$AA?$AA@ 000000018001cfe0     LIBCMT:nlsdata2.obj
 0002:00000fe8       ??_C@_17KBOMKBF@?$AAM?$AAo?$AAn?$AA?$AA@ 000000018001cfe8     LIBCMT:nlsdata2.obj
 0002:00000ff0       ??_C@_17MBGCMIPB@?$AAS?$AAu?$AAn?$AA?$AA@ 000000018001cff0     LIBCMT:nlsdata2.obj
 0002:00000ff8       ??_C@_08JCCMCCIL@HH?3mm?3ss?$AA@ 000000018001cff8     LIBCMT:nlsdata2.obj
 0002:00001008       ??_C@_0BE@CKGJFCPC@dddd?0?5MMMM?5dd?0?5yyyy?$AA@ 000000018001d008     LIBCMT:nlsdata2.obj
 0002:00001020       ??_C@_08BPBNCDIB@MM?1dd?1yy?$AA@ 000000018001d020     LIBCMT:nlsdata2.obj
 0002:0000102c       ??_C@_02CJNFDJBF@PM?$AA@   000000018001d02c     LIBCMT:nlsdata2.obj
 0002:00001030       ??_C@_02DEDBPAFC@AM?$AA@   000000018001d030     LIBCMT:nlsdata2.obj
 0002:00001038       ??_C@_08EDHMEBNP@December?$AA@ 000000018001d038     LIBCMT:nlsdata2.obj
 0002:00001048       ??_C@_08HCHEGEOA@November?$AA@ 000000018001d048     LIBCMT:nlsdata2.obj
 0002:00001058       ??_C@_07JJNFCEND@October?$AA@ 000000018001d058     LIBCMT:nlsdata2.obj
 0002:00001060       ??_C@_09BHHEALKD@September?$AA@ 000000018001d060     LIBCMT:nlsdata2.obj
 0002:0000106c       ??_C@_06LBBHFDDG@August?$AA@ 000000018001d06c     LIBCMT:nlsdata2.obj
 0002:00001074       ??_C@_04MIEPOIFP@July?$AA@ 000000018001d074     LIBCMT:nlsdata2.obj
 0002:0000107c       ??_C@_04CNLMGBGM@June?$AA@ 000000018001d07c     LIBCMT:nlsdata2.obj
 0002:00001084       ??_C@_05DMJDNLEJ@April?$AA@ 000000018001d084     LIBCMT:nlsdata2.obj
 0002:0000108c       ??_C@_05HPCKOFNC@March?$AA@ 000000018001d08c     LIBCMT:nlsdata2.obj
 0002:00001098       ??_C@_08GNJGEPFN@February?$AA@ 000000018001d098     LIBCMT:nlsdata2.obj
 0002:000010a8       ??_C@_07CGJPFGJA@January?$AA@ 000000018001d0a8     LIBCMT:nlsdata2.obj
 0002:000010b0       ??_C@_03MKABNOCG@Dec?$AA@  000000018001d0b0     LIBCMT:nlsdata2.obj
 0002:000010b4       ??_C@_03JPJOFNIA@Nov?$AA@  000000018001d0b4     LIBCMT:nlsdata2.obj
 0002:000010b8       ??_C@_03BMAOKBAD@Oct?$AA@  000000018001d0b8     LIBCMT:nlsdata2.obj
 0002:000010bc       ??_C@_03GGCAPAJC@Sep?$AA@  000000018001d0bc     LIBCMT:nlsdata2.obj
 0002:000010c0       ??_C@_03IFJFEIGA@Aug?$AA@  000000018001d0c0     LIBCMT:nlsdata2.obj
 0002:000010c4       ??_C@_03LBGABGKK@Jul?$AA@  000000018001d0c4     LIBCMT:nlsdata2.obj
 0002:000010c8       ??_C@_03IDFGHECI@Jun?$AA@  000000018001d0c8     LIBCMT:nlsdata2.obj
 0002:000010cc       ??_C@_03CNMDKL@May?$AA@    000000018001d0cc     LIBCMT:nlsdata2.obj
 0002:000010d0       ??_C@_03LEOLGMJP@Apr?$AA@  000000018001d0d0     LIBCMT:nlsdata2.obj
 0002:000010d4       ??_C@_03ODNJBKGA@Mar?$AA@  000000018001d0d4     LIBCMT:nlsdata2.obj
 0002:000010d8       ??_C@_03HJBDCHOM@Feb?$AA@  000000018001d0d8     LIBCMT:nlsdata2.obj
 0002:000010dc       ??_C@_03JIHJHPIE@Jan?$AA@  000000018001d0dc     LIBCMT:nlsdata2.obj
 0002:000010e0       ??_C@_08INBOOONO@Saturday?$AA@ 000000018001d0e0     LIBCMT:nlsdata2.obj
 0002:000010ec       ??_C@_06JECMNKMI@Friday?$AA@ 000000018001d0ec     LIBCMT:nlsdata2.obj
 0002:000010f8       ??_C@_08HACCIKIA@Thursday?$AA@ 000000018001d0f8     LIBCMT:nlsdata2.obj
 0002:00001108       ??_C@_09DLIGFAKA@Wednesday?$AA@ 000000018001d108     LIBCMT:nlsdata2.obj
 0002:00001118       ??_C@_07BAAGCFCM@Tuesday?$AA@ 000000018001d118     LIBCMT:nlsdata2.obj
 0002:00001120       ??_C@_06JLEDEDGH@Monday?$AA@ 000000018001d120     LIBCMT:nlsdata2.obj
 0002:00001128       ??_C@_06OOPIFAJ@Sunday?$AA@ 000000018001d128     LIBCMT:nlsdata2.obj
 0002:00001130       ??_C@_03FEFJNEK@Sat?$AA@   000000018001d130     LIBCMT:nlsdata2.obj
 0002:00001134       ??_C@_03IDIOELNC@Fri?$AA@  000000018001d134     LIBCMT:nlsdata2.obj
 0002:00001138       ??_C@_03IOFIKPDN@Thu?$AA@  000000018001d138     LIBCMT:nlsdata2.obj
 0002:0000113c       ??_C@_03MHOMLAJA@Wed?$AA@  000000018001d13c     LIBCMT:nlsdata2.obj
 0002:00001140       ??_C@_03NAGEINEP@Tue?$AA@  000000018001d140     LIBCMT:nlsdata2.obj
 0002:00001144       ??_C@_03PDAGKDH@Mon?$AA@   000000018001d144     LIBCMT:nlsdata2.obj
 0002:00001148       ??_C@_03KOEHGMDN@Sun?$AA@  000000018001d148     LIBCMT:nlsdata2.obj
 0002:00001150       ??_C@_1BO@BKOMIGKJ@?$AAr?$AAu?$AAn?$AAt?$AAi?$AAm?$AAe?$AA?5?$AAe?$AAr?$AAr?$AAo?$AAr?$AA?5?$AA?$AA@ 000000018001d150     LIBCMT:crt0msg.obj
 0002:00001170       ??_C@_15JNBOKNOG@?$AA?$AN?$AA?6?$AA?$AA@ 000000018001d170     LIBCMT:crt0msg.obj
 0002:00001178       ??_C@_1BM@JBBEPPHI@?$AAT?$AAL?$AAO?$AAS?$AAS?$AA?5?$AAe?$AAr?$AAr?$AAo?$AAr?$AA?$AN?$AA?6?$AA?$AA@ 000000018001d178     LIBCMT:crt0msg.obj
 0002:00001198       ??_C@_1BK@KMOMNAAI@?$AAS?$AAI?$AAN?$AAG?$AA?5?$AAe?$AAr?$AAr?$AAo?$AAr?$AA?$AN?$AA?6?$AA?$AA@ 000000018001d198     LIBCMT:crt0msg.obj
 0002:000011b8       ??_C@_1BO@BFCDCGC@?$AAD?$AAO?$AAM?$AAA?$AAI?$AAN?$AA?5?$AAe?$AAr?$AAr?$AAo?$AAr?$AA?$AN?$AA?6?$AA?$AA@ 000000018001d1b8     LIBCMT:crt0msg.obj
 0002:000011e0       ??_C@_1BOO@KGEDBGAJ@?$AAR?$AA6?$AA0?$AA3?$AA3?$AA?$AN?$AA?6?$AA?9?$AA?5?$AAA?$AAt?$AAt?$AAe?$AAm?$AAp?$AAt?$AA?5?$AAt?$AAo?$AA?5?$AAu?$AAs?$AAe?$AA?5?$AAM?$AAS?$AAI?$AAL?$AA?5?$AAc?$AAo?$AAd@ 000000018001d1e0     LIBCMT:crt0msg.obj
 0002:000013d0       ??_C@_1GG@GOPILAJP@?$AAR?$AA6?$AA0?$AA3?$AA2?$AA?$AN?$AA?6?$AA?9?$AA?5?$AAn?$AAo?$AAt?$AA?5?$AAe?$AAn?$AAo?$AAu?$AAg?$AAh?$AA?5?$AAs?$AAp?$AAa?$AAc?$AAe?$AA?5?$AAf?$AAo?$AAr?$AA?5?$AAl?$AAo@ 000000018001d3d0     LIBCMT:crt0msg.obj
 0002:00001440       ??_C@_1MG@ENCOOIDF@?$AAR?$AA6?$AA0?$AA3?$AA1?$AA?$AN?$AA?6?$AA?9?$AA?5?$AAA?$AAt?$AAt?$AAe?$AAm?$AAp?$AAt?$AA?5?$AAt?$AAo?$AA?5?$AAi?$AAn?$AAi?$AAt?$AAi?$AAa?$AAl?$AAi?$AAz?$AAe?$AA?5?$AAt@ 000000018001d440     LIBCMT:crt0msg.obj
 0002:00001508       ??_C@_1DO@BMFCDCD@?$AAR?$AA6?$AA0?$AA3?$AA0?$AA?$AN?$AA?6?$AA?9?$AA?5?$AAC?$AAR?$AAT?$AA?5?$AAn?$AAo?$AAt?$AA?5?$AAi?$AAn?$AAi?$AAt?$AAi?$AAa?$AAl?$AAi?$AAz?$AAe?$AAd?$AA?$AN?$AA?6?$AA?$AA@ 000000018001d508     LIBCMT:crt0msg.obj
 0002:00001550       ??_C@_1EK@HHFLMAOL@?$AAR?$AA6?$AA0?$AA2?$AA8?$AA?$AN?$AA?6?$AA?9?$AA?5?$AAu?$AAn?$AAa?$AAb?$AAl?$AAe?$AA?5?$AAt?$AAo?$AA?5?$AAi?$AAn?$AAi?$AAt?$AAi?$AAa?$AAl?$AAi?$AAz?$AAe?$AA?5?$AAh?$AAe@ 000000018001d550     LIBCMT:crt0msg.obj
 0002:000015a0       ??_C@_1GK@MFGOKLAG@?$AAR?$AA6?$AA0?$AA2?$AA7?$AA?$AN?$AA?6?$AA?9?$AA?5?$AAn?$AAo?$AAt?$AA?5?$AAe?$AAn?$AAo?$AAu?$AAg?$AAh?$AA?5?$AAs?$AAp?$AAa?$AAc?$AAe?$AA?5?$AAf?$AAo?$AAr?$AA?5?$AAl?$AAo@ 000000018001d5a0     LIBCMT:crt0msg.obj
 0002:00001610       ??_C@_1GK@MCAAGJMO@?$AAR?$AA6?$AA0?$AA2?$AA6?$AA?$AN?$AA?6?$AA?9?$AA?5?$AAn?$AAo?$AAt?$AA?5?$AAe?$AAn?$AAo?$AAu?$AAg?$AAh?$AA?5?$AAs?$AAp?$AAa?$AAc?$AAe?$AA?5?$AAf?$AAo?$AAr?$AA?5?$AAs?$AAt@ 000000018001d610     LIBCMT:crt0msg.obj
 0002:00001680       ??_C@_1EM@MAADIHMB@?$AAR?$AA6?$AA0?$AA2?$AA5?$AA?$AN?$AA?6?$AA?9?$AA?5?$AAp?$AAu?$AAr?$AAe?$AA?5?$AAv?$AAi?$AAr?$AAt?$AAu?$AAa?$AAl?$AA?5?$AAf?$AAu?$AAn?$AAc?$AAt?$AAi?$AAo?$AAn?$AA?5?$AAc@ 000000018001d680     LIBCMT:crt0msg.obj
 0002:000016d0       ??_C@_1GK@FHCKBEFA@?$AAR?$AA6?$AA0?$AA2?$AA4?$AA?$AN?$AA?6?$AA?9?$AA?5?$AAn?$AAo?$AAt?$AA?5?$AAe?$AAn?$AAo?$AAu?$AAg?$AAh?$AA?5?$AAs?$AAp?$AAa?$AAc?$AAe?$AA?5?$AAf?$AAo?$AAr?$AA?5?$AA_?$AAo@ 000000018001d6d0     LIBCMT:crt0msg.obj
 0002:00001740       ??_C@_1FC@ECHBIFBC@?$AAR?$AA6?$AA0?$AA1?$AA9?$AA?$AN?$AA?6?$AA?9?$AA?5?$AAu?$AAn?$AAa?$AAb?$AAl?$AAe?$AA?5?$AAt?$AAo?$AA?5?$AAo?$AAp?$AAe?$AAn?$AA?5?$AAc?$AAo?$AAn?$AAs?$AAo?$AAl?$AAe?$AA?5@ 000000018001d740     LIBCMT:crt0msg.obj
 0002:000017a0       ??_C@_1EC@JIBHAOPH@?$AAR?$AA6?$AA0?$AA1?$AA8?$AA?$AN?$AA?6?$AA?9?$AA?5?$AAu?$AAn?$AAe?$AAx?$AAp?$AAe?$AAc?$AAt?$AAe?$AAd?$AA?5?$AAh?$AAe?$AAa?$AAp?$AA?5?$AAe?$AAr?$AAr?$AAo?$AAr?$AA?$AN?$AA?6@ 000000018001d7a0     LIBCMT:crt0msg.obj
 0002:000017f0       ??_C@_1FK@BEOGODMC@?$AAR?$AA6?$AA0?$AA1?$AA7?$AA?$AN?$AA?6?$AA?9?$AA?5?$AAu?$AAn?$AAe?$AAx?$AAp?$AAe?$AAc?$AAt?$AAe?$AAd?$AA?5?$AAm?$AAu?$AAl?$AAt?$AAi?$AAt?$AAh?$AAr?$AAe?$AAa?$AAd?$AA?5@ 000000018001d7f0     LIBCMT:crt0msg.obj
 0002:00001850       ??_C@_1FI@LOGNIKDM@?$AAR?$AA6?$AA0?$AA1?$AA6?$AA?$AN?$AA?6?$AA?9?$AA?5?$AAn?$AAo?$AAt?$AA?5?$AAe?$AAn?$AAo?$AAu?$AAg?$AAh?$AA?5?$AAs?$AAp?$AAa?$AAc?$AAe?$AA?5?$AAf?$AAo?$AAr?$AA?5?$AAt?$AAh@ 000000018001d850     LIBCMT:crt0msg.obj
 0002:000018b0       ??_C@_1EG@BEHAGFJD@?$AAR?$AA6?$AA0?$AA1?$AA0?$AA?$AN?$AA?6?$AA?9?$AA?5?$AAa?$AAb?$AAo?$AAr?$AAt?$AA?$CI?$AA?$CJ?$AA?5?$AAh?$AAa?$AAs?$AA?5?$AAb?$AAe?$AAe?$AAn?$AA?5?$AAc?$AAa?$AAl?$AAl?$AAe?$AAd@ 000000018001d8b0     LIBCMT:crt0msg.obj
 0002:00001900       ??_C@_1FI@HONFMGBI@?$AAR?$AA6?$AA0?$AA0?$AA9?$AA?$AN?$AA?6?$AA?9?$AA?5?$AAn?$AAo?$AAt?$AA?5?$AAe?$AAn?$AAo?$AAu?$AAg?$AAh?$AA?5?$AAs?$AAp?$AAa?$AAc?$AAe?$AA?5?$AAf?$AAo?$AAr?$AA?5?$AAe?$AAn@ 000000018001d900     LIBCMT:crt0msg.obj
 0002:00001960       ??_C@_1FE@LLNEDJMD@?$AAR?$AA6?$AA0?$AA0?$AA8?$AA?$AN?$AA?6?$AA?9?$AA?5?$AAn?$AAo?$AAt?$AA?5?$AAe?$AAn?$AAo?$AAu?$AAg?$AAh?$AA?5?$AAs?$AAp?$AAa?$AAc?$AAe?$AA?5?$AAf?$AAo?$AAr?$AA?5?$AAa?$AAr@ 000000018001d960     LIBCMT:crt0msg.obj
 0002:000019c0       ??_C@_1FK@PGACCAFB@?$AAR?$AA6?$AA0?$AA0?$AA2?$AA?$AN?$AA?6?$AA?9?$AA?5?$AAf?$AAl?$AAo?$AAa?$AAt?$AAi?$AAn?$AAg?$AA?5?$AAp?$AAo?$AAi?$AAn?$AAt?$AA?5?$AAs?$AAu?$AAp?$AAp?$AAo?$AAr?$AAt?$AA?5@ 000000018001d9c0     LIBCMT:crt0msg.obj
 0002:00001b80       ??_C@_1EK@MBDPDCGA@?$AAM?$AAi?$AAc?$AAr?$AAo?$AAs?$AAo?$AAf?$AAt?$AA?5?$AAV?$AAi?$AAs?$AAu?$AAa?$AAl?$AA?5?$AAC?$AA?$CL?$AA?$CL?$AA?5?$AAR?$AAu?$AAn?$AAt?$AAi?$AAm?$AAe?$AA?5?$AAL?$AAi?$AAb@ 000000018001db80     LIBCMT:crt0msg.obj
 0002:00001bcc       ??_C@_15IABLJNFO@?$AA?6?$AA?6?$AA?$AA@ 000000018001dbcc     LIBCMT:crt0msg.obj
 0002:00001bd8       ??_C@_17LGKOMLJ@?$AA?4?$AA?4?$AA?4?$AA?$AA@ 000000018001dbd8     LIBCMT:crt0msg.obj
 0002:00001be0       ??_C@_1CO@EAEJAADC@?$AA?$DM?$AAp?$AAr?$AAo?$AAg?$AAr?$AAa?$AAm?$AA?5?$AAn?$AAa?$AAm?$AAe?$AA?5?$AAu?$AAn?$AAk?$AAn?$AAo?$AAw?$AAn?$AA?$DO?$AA?$AA@ 000000018001dbe0     LIBCMT:crt0msg.obj
 0002:00001c10       ??_C@_1DE@JNGNBFGO@?$AAR?$AAu?$AAn?$AAt?$AAi?$AAm?$AAe?$AA?5?$AAE?$AAr?$AAr?$AAo?$AAr?$AA?$CB?$AA?6?$AA?6?$AAP?$AAr?$AAo?$AAg?$AAr?$AAa?$AAm?$AA?3?$AA?5?$AA?$AA@ 000000018001dc10     LIBCMT:crt0msg.obj
 0002:00001c50       __newctype                 000000018001dc50     LIBCMT:ctype.obj
 0002:00001f50       _wctype                    000000018001df50     LIBCMT:ctype.obj
 0002:00002160       __newclmap                 000000018001e160     LIBCMT:ctype.obj
 0002:000022e0       __newcumap                 000000018001e2e0     LIBCMT:ctype.obj
 0002:00002460       ??_C@_0BI@DFKBFLJE@GetProcessWindowStation?$AA@ 000000018001e460     LIBCMT:crtmboxw.obj
 0002:00002478       ??_C@_0BK@DEKFELLI@GetUserObjectInformationW?$AA@ 000000018001e478     LIBCMT:crtmboxw.obj
 0002:00002498       ??_C@_0BD@HHGDFDBJ@GetLastActivePopup?$AA@ 000000018001e498     LIBCMT:crtmboxw.obj
 0002:000024b0       ??_C@_0BA@HNOPNCHB@GetActiveWindow?$AA@ 000000018001e4b0     LIBCMT:crtmboxw.obj
 0002:000024c0       ??_C@_0M@DLDCCGNP@MessageBoxW?$AA@ 000000018001e4c0     LIBCMT:crtmboxw.obj
 0002:000024d0       ??_C@_1BG@GOEBHBDC@?$AAU?$AAS?$AAE?$AAR?$AA3?$AA2?$AA?4?$AAD?$AAL?$AAL?$AA?$AA@ 000000018001e4d0     LIBCMT:crtmboxw.obj
 0002:000024e8       __rtc_iaa                  000000018001e4e8     LIBCMT:_initsect_.obj
 0002:000024f0       __rtc_izz                  000000018001e4f0     LIBCMT:_initsect_.obj
 0002:000024f8       __rtc_taa                  000000018001e4f8     LIBCMT:_initsect_.obj
 0002:00002500       __rtc_tzz                  000000018001e500     LIBCMT:_initsect_.obj
 0002:00003328       __IMPORT_DESCRIPTOR_KERNEL32 000000018001f328     kernel32:KERNEL32.dll
 0002:0000333c       __NULL_IMPORT_DESCRIPTOR   000000018001f33c     kernel32:KERNEL32.dll
 0003:00000000       __security_cookie          0000000180021000     LIBCMT:gs_cookie.obj
 0003:00000008       __security_cookie_complement 0000000180021008     LIBCMT:gs_cookie.obj
 0003:00000010       __flsindex                 0000000180021010     LIBCMT:tidtable.obj
 0003:00000020       __badioinfo                0000000180021020     LIBCMT:ioinit.obj
 0003:000002c0       __clocalestr               00000001800212c0     LIBCMT:nlsdata2.obj
 0003:000002d0       __lc_time_c                00000001800212d0     LIBCMT:nlsdata2.obj
 0003:00000590       __initiallocinfo           0000000180021590     LIBCMT:nlsdata2.obj
 0003:000006f0       __ptlocinfo                00000001800216f0     LIBCMT:nlsdata2.obj
 0003:00000700       __initialmbcinfo           0000000180021700     LIBCMT:mbctype.obj
 0003:00000920       _mbctype                   0000000180021920     LIBCMT:mbctype.obj
 0003:00000a30       _mbcasemap                 0000000180021a30     LIBCMT:mbctype.obj
 0003:00000b30       __ptmbcinfo                0000000180021b30     LIBCMT:mbctype.obj
 0003:00000da0       _cfltcvt_tab               0000000180021da0     LIBCMT:cmiscdat.obj
 0003:00000df0       __lconv_static_decimal     0000000180021df0     LIBCMT:lconv.obj
 0003:00000df4       __lconv_static_W_decimal   0000000180021df4     LIBCMT:lconv.obj
 0003:00000df8       __lconv                    0000000180021df8     LIBCMT:lconv.obj
 0003:00000e00       __lconv_c                  0000000180021e00     LIBCMT:lconv.obj
 0003:00000e98       __globallocalestatus       0000000180021e98     LIBCMT:glstatus.obj
 0003:00000ea0       _pctype                    0000000180021ea0     LIBCMT:ctype.obj
 0003:00000ea8       _pwctype                   0000000180021ea8     LIBCMT:ctype.obj
 0003:00000eb0       __abort_behavior           0000000180021eb0     LIBCMT:abort.obj
 0003:00000ec4       __error_mode               0000000180021ec4     LIBCMT:dllcrt0.obj
 0003:00000ec8       _aenvptr                   0000000180021ec8     LIBCMT:dllcrt0.obj
 0003:00000ed0       _wenvptr                   0000000180021ed0     LIBCMT:dllcrt0.obj
 0003:00000ed8       __app_type                 0000000180021ed8     LIBCMT:dllcrt0.obj
 0003:00001450       _maxwait                   0000000180022450     LIBCMT:crtheap.obj
 0003:00001458       _umaskval                  0000000180022458     LIBCMT:crt0dat.obj
 0003:0000145c       __argc                     000000018002245c     LIBCMT:crt0dat.obj
 0003:00001460       __argv                     0000000180022460     LIBCMT:crt0dat.obj
 0003:00001468       __wargv                    0000000180022468     LIBCMT:crt0dat.obj
 0003:00001470       _environ                   0000000180022470     LIBCMT:crt0dat.obj
 0003:00001478       __initenv                  0000000180022478     LIBCMT:crt0dat.obj
 0003:00001480       _wenviron                  0000000180022480     LIBCMT:crt0dat.obj
 0003:00001488       __winitenv                 0000000180022488     LIBCMT:crt0dat.obj
 0003:00001490       _pgmptr                    0000000180022490     LIBCMT:crt0dat.obj
 0003:00001498       _wpgmptr                   0000000180022498     LIBCMT:crt0dat.obj
 0003:000014a0       _exitflag                  00000001800224a0     LIBCMT:crt0dat.obj
 0003:000014a4       _C_Termination_Done        00000001800224a4     LIBCMT:crt0dat.obj
 0003:000014a8       _C_Exit_Done               00000001800224a8     LIBCMT:crt0dat.obj
 0003:000015b8       _crtheap                   00000001800225b8     LIBCMT:heapinit.obj
 0003:000017f8       __mbulinfo                 00000001800227f8     LIBCMT:mbctype.obj
 0003:00001804       __mbcodepage               0000000180022804     LIBCMT:mbctype.obj
 0003:00001808       __ismbcodepage             0000000180022808     LIBCMT:mbctype.obj
 0003:0000180c       __mblcid                   000000018002280c     LIBCMT:mbctype.obj
 0003:00001810       ?__pInconsistency@@3P6AXXZEA 0000000180022810     LIBCMT:hooks.obj
 0003:00001848       __pPurecall                0000000180022848     LIBCMT:inithelp.obj
 0003:00001850       __pInvalidArgHandler       0000000180022850     LIBCMT:invarg.obj
 0003:00001858       ?_pnhHeap@@3P6AH_K@ZEA     0000000180022858     LIBCMT:handler.obj
 0003:00001e88       __lconv_static_null        0000000180022e88     LIBCMT:lconv.obj
 0003:00001e8c       __lconv_static_W_null      0000000180022e8c     LIBCMT:lconv.obj
 0003:00001e90       _newmode                   0000000180022e90     LIBCMT:_newmode.obj
 0003:00001ec0       _debugger_hook_dummy       0000000180022ec0     <common>
 0003:00001ec4       _nhandle                   0000000180022ec4     <common>
 0003:00001ee0       __pioinfo                  0000000180022ee0     <common>
 0003:000020e0       __env_initialized          00000001800230e0     <common>
 0003:000020e8       __onexitend                00000001800230e8     <common>
 0003:000020f0       __onexitbegin              00000001800230f0     <common>
 0003:000020f8       __mbctype_initialized      00000001800230f8     <common>
 0003:00002100       _FPinit                    0000000180023100     <common>
 0003:00002108       __dyn_tls_init_callback    0000000180023108     <common>
 0003:00002110       _pDestructExceptionObject  0000000180023110     <common>
 0003:00002118       _acmdln                    0000000180023118     <common>

 entry point at        0001:00016468

 Static symbols

 0001:00000160       store_run                  0000000180001160 f   lzo1.obj
 0001:000002b0       do_compress                00000001800012b0 f   lzo1.obj
 0001:000005f0       do_compress                00000001800015f0 f   lzo1_99.obj
 0001:00000c60       store_run                  0000000180001c60 f   lzo1a.obj
 0001:00000df0       do_compress                0000000180001df0 f   lzo1a.obj
 0001:00001180       do_compress                0000000180002180 f   lzo1a_99.obj
 0001:00001650       do_compress                0000000180002650 f   lzo1b_1.obj
 0001:00001a20       do_compress                0000000180002a20 f   lzo1b_2.obj
 0001:00001e70       do_compress                0000000180002e70 f   lzo1b_3.obj
 0001:000022b0       do_compress                00000001800032b0 f   lzo1b_4.obj
 0001:00002710       do_compress                0000000180003710 f   lzo1b_5.obj
 0001:00002bb0       do_compress                0000000180003bb0 f   lzo1b_6.obj
 0001:00003140       do_compress                0000000180004140 f   lzo1b_7.obj
 0001:000035e0       do_compress                00000001800045e0 f   lzo1b_8.obj
 0001:00003c50       do_compress                0000000180004c50 f   lzo1b_9.obj
 0001:00004130       do_compress                0000000180005130 f   lzo1b_99.obj
 0001:00004640       swd_insertdict             0000000180005640 f   lzo1b_9x.obj
 0001:00004720       swd_init                   0000000180005720 f   lzo1b_9x.obj
 0001:00004900       swd_getbyte                0000000180005900 f   lzo1b_9x.obj
 0001:00004900       swd_getbyte                0000000180005900 f   lzo1b_9x.obj
 0001:00004900       swd_getbyte                0000000180005900 f   lzo1b_9x.obj
 0001:00004900       swd_getbyte                0000000180005900 f   lzo1b_9x.obj
 0001:000049f0       swd_accept                 00000001800059f0 f   lzo1b_9x.obj
 0001:00004b20       swd_search                 0000000180005b20 f   lzo1b_9x.obj
 0001:00004c20       swd_findbest               0000000180005c20 f   lzo1b_9x.obj
 0001:00004dc0       find_match                 0000000180005dc0 f   lzo1b_9x.obj
 0001:00004ea0       code_match                 0000000180005ea0 f   lzo1b_9x.obj
 0001:00005de0       do_compress                0000000180006de0 f   lzo1c_1.obj
 0001:000061b0       do_compress                00000001800071b0 f   lzo1c_2.obj
 0001:00006610       do_compress                0000000180007610 f   lzo1c_3.obj
 0001:00006a70       do_compress                0000000180007a70 f   lzo1c_4.obj
 0001:00006f20       do_compress                0000000180007f20 f   lzo1c_5.obj
 0001:00007400       do_compress                0000000180008400 f   lzo1c_6.obj
 0001:000079c0       do_compress                00000001800089c0 f   lzo1c_7.obj
 0001:00007ea0       do_compress                0000000180008ea0 f   lzo1c_8.obj
 0001:00008550       do_compress                0000000180009550 f   lzo1c_9.obj
 0001:00008a70       do_compress                0000000180009a70 f   lzo1c_99.obj
 0001:00008fc0       swd_insertdict             0000000180009fc0 f   lzo1c_9x.obj
 0001:00008fc0       swd_insertdict             0000000180009fc0 f   lzo1c_9x.obj
 0001:000090b0       swd_init                   000000018000a0b0 f   lzo1c_9x.obj
 0001:000090b0       swd_init                   000000018000a0b0 f   lzo1c_9x.obj
 0001:00009290       swd_accept                 000000018000a290 f   lzo1c_9x.obj
 0001:00009290       swd_accept                 000000018000a290 f   lzo1c_9x.obj
 0001:000093c0       swd_search                 000000018000a3c0 f   lzo1c_9x.obj
 0001:000093c0       swd_search                 000000018000a3c0 f   lzo1c_9x.obj
 0001:000094c0       swd_findbest               000000018000a4c0 f   lzo1c_9x.obj
 0001:000094c0       swd_findbest               000000018000a4c0 f   lzo1c_9x.obj
 0001:00009680       find_match                 000000018000a680 f   lzo1c_9x.obj
 0001:00009680       find_match                 000000018000a680 f   lzo1c_9x.obj
 0001:00009760       code_match                 000000018000a760 f   lzo1c_9x.obj
 0001:0000a580       do_compress                000000018000b580 f   lzo1f_1.obj
 0001:0000aa90       code_match                 000000018000ba90 f   lzo1f_9x.obj
 0001:0000abe0       STORE_RUN                  000000018000bbe0 f   lzo1f_9x.obj
 0001:0000b830       lzo1x_1_compress_core      000000018000c830 f   lzo1x_1.obj
 0001:0000bd80       lzo1x_1_11_compress_core   000000018000cd80 f   lzo1x_1k.obj
 0001:0000c2d0       lzo1x_1_12_compress_core   000000018000d2d0 f   lzo1x_1l.obj
 0001:0000c820       lzo1x_1_15_compress_core   000000018000d820 f   lzo1x_1o.obj
 0001:0000cd70       swd_getbyte                000000018000dd70 f   lzo1x_9x.obj
 0001:0000cd70       swd_getbyte                000000018000dd70 f   lzo1x_9x.obj
 0001:0000cd70       swd_getbyte                000000018000dd70 f   lzo1x_9x.obj
 0001:0000ce60       code_match                 000000018000de60 f   lzo1x_9x.obj
 0001:0000d0b0       STORE_RUN                  000000018000e0b0 f   lzo1x_9x.obj
 0001:0000d0b0       STORE_RUN                  000000018000e0b0 f   lzo1x_9x.obj
 0001:0000d1b0       len_of_coded_match         000000018000e1b0 f   lzo1x_9x.obj
 0001:0000d290       better_match               000000018000e290 f   lzo1x_9x.obj
 0001:0000f1d0       lzo1y_1_compress_core      00000001800101d0 f   lzo1y_1.obj
 0001:0000f720       swd_insertdict             0000000180010720 f   lzo1y_9x.obj
 0001:0000f720       swd_insertdict             0000000180010720 f   lzo1y_9x.obj
 0001:0000f720       swd_insertdict             0000000180010720 f   lzo1y_9x.obj
 0001:0000f830       swd_init                   0000000180010830 f   lzo1y_9x.obj
 0001:0000f830       swd_init                   0000000180010830 f   lzo1y_9x.obj
 0001:0000f830       swd_init                   0000000180010830 f   lzo1y_9x.obj
 0001:0000fa60       find_match                 0000000180010a60 f   lzo1y_9x.obj
 0001:0000fa60       find_match                 0000000180010a60 f   lzo1y_9x.obj
 0001:0000fa60       find_match                 0000000180010a60 f   lzo1y_9x.obj
 0001:0000fb60       code_match                 0000000180010b60 f   lzo1y_9x.obj
 0001:0000fda0       len_of_coded_match         0000000180010da0 f   lzo1y_9x.obj
 0001:0000fe80       better_match               0000000180010e80 f   lzo1y_9x.obj
 0001:00011dc0       swd_remove_node            0000000180012dc0 f   lzo1z_9x.obj
 0001:00011dc0       swd_remove_node            0000000180012dc0 f   lzo1z_9x.obj
 0001:00011dc0       swd_remove_node            0000000180012dc0 f   lzo1z_9x.obj
 0001:00011e50       swd_accept                 0000000180012e50 f   lzo1z_9x.obj
 0001:00011e50       swd_accept                 0000000180012e50 f   lzo1z_9x.obj
 0001:00011e50       swd_accept                 0000000180012e50 f   lzo1z_9x.obj
 0001:00011fc0       swd_search                 0000000180012fc0 f   lzo1z_9x.obj
 0001:00011fc0       swd_search                 0000000180012fc0 f   lzo1z_9x.obj
 0001:00011fc0       swd_search                 0000000180012fc0 f   lzo1z_9x.obj
 0001:000120e0       swd_findbest               00000001800130e0 f   lzo1z_9x.obj
 0001:000120e0       swd_findbest               00000001800130e0 f   lzo1z_9x.obj
 0001:000120e0       swd_findbest               00000001800130e0 f   lzo1z_9x.obj
 0001:00012300       code_match                 0000000180013300 f   lzo1z_9x.obj
 0001:00012560       STORE_RUN                  0000000180013560 f   lzo1z_9x.obj
 0001:00012660       len_of_coded_match         0000000180013660 f   lzo1z_9x.obj
 0001:00012740       better_match               0000000180013740 f   lzo1z_9x.obj
 0001:00014140       swd_insertdict             0000000180015140 f   lzo2a_9x.obj
 0001:00014250       swd_init                   0000000180015250 f   lzo2a_9x.obj
 0001:00014450       swd_remove_node            0000000180015450 f   lzo2a_9x.obj
 0001:000144e0       swd_accept                 00000001800154e0 f   lzo2a_9x.obj
 0001:00014650       swd_search                 0000000180015650 f   lzo2a_9x.obj
 0001:00014750       swd_findbest               0000000180015750 f   lzo2a_9x.obj
 0001:000148f0       find_match                 00000001800158f0 f   lzo2a_9x.obj
 0001:000156e0       u2p                        00000001800166e0 f   lzo_init.obj
 0001:0001634c       __DllMainCRTStartup        000000018001734c f   LIBCMT:dllcrt0.obj
 0001:00016e00       _initterm                  0000000180017e00 f   LIBCMT:crt0dat.obj
 0001:00016f20       doexit                     0000000180017f20 f   LIBCMT:crt0dat.obj
 0001:0001756c       parse_cmdline              000000018001856c f   LIBCMT:stdargv.obj
 0001:000183d0       ?setSBCS@@YAXPEAUthreadmbcinfostruct@@@Z 00000001800193d0 f   LIBCMT:mbctype.obj
 0001:0001845c       ?setSBUpLow@@YAXPEAUthreadmbcinfostruct@@@Z 000000018001945c f   LIBCMT:mbctype.obj
 0001:000187ac       ?getSystemCP@@YAHH@Z       00000001800197ac f   LIBCMT:mbctype.obj
 0001:000199e8       ?x_ismbbtype_l@@YAHPEAUlocaleinfo_struct@@IHH@Z 000000018001a9e8 f   LIBCMT:ismbbyte.obj
 0001:00019fe0       ?__crtLCMapStringA_stat@@YAHPEAUlocaleinfo_struct@@KKPEBDHPEADHHH@Z 000000018001afe0 f   LIBCMT:a_map.obj
 0001:0001a344       ?__crtGetStringTypeA_stat@@YAHPEAUlocaleinfo_struct@@KPEBDHPEAGHHH@Z 000000018001b344 f   LIBCMT:a_str.obj
 0001:0001aa50       _CRT_INIT$fin$0            000000018001ba50 f   LIBCMT:dllcrt0.obj
 0001:0001aa76       __DllMainCRTStartup$filt$0 000000018001ba76 f   LIBCMT:dllcrt0.obj
 0001:0001aa94       _initptd$fin$1             000000018001ba94 f   LIBCMT:tidtable.obj
 0001:0001aa94       _freefls$fin$1             000000018001ba94 f   LIBCMT:tidtable.obj
 0001:0001aab4       _freefls$fin$0             000000018001bab4 f   LIBCMT:tidtable.obj
 0001:0001aab4       _initptd$fin$0             000000018001bab4 f   LIBCMT:tidtable.obj
 0001:0001aacf       doexit$fin$0               000000018001bacf f   LIBCMT:crt0dat.obj
 0001:0001ab00       _IsNonwritableInCurrentImage$filt$0 000000018001bb00 f   LIBCMT:pesect.obj
 0001:0001ab22       _mtinitlocknum$fin$0       000000018001bb22 f   LIBCMT:mlock.obj
 0001:0001ab40       __updatetlocinfo$fin$0     000000018001bb40 f   LIBCMT:localref.obj
 0001:0001ab5b       __updatetmbcinfo$fin$0     000000018001bb5b f   LIBCMT:mbctype.obj
 0001:0001ab5b       _setmbcp$fin$0             000000018001bb5b f   LIBCMT:mbctype.obj
 0001:0001ab76       raise$fin$0                000000018001bb76 f   LIBCMT:winsig.obj
 0001:0001ab94       _onexit$fin$0              000000018001bb94 f   LIBCMT:onexit.obj
